// Jest Snapshot v1, https://goo.gl/fbAQLP

exports[`renders with a default type of button 1`] = `
<button
  type="button"
/>
`;
