// Jest Snapshot v1, https://goo.gl/fbAQLP

exports[`renders with 10 1`] = `
<span
  style={
    Object {
      "background": "pink",
      "border": "1px solid silver",
      "borderRadius": "9em",
      "padding": "5px 10px",
    }
  }
>
  10
</span>
`;
